    case "danilo511330":
      return "v1";
    case "next.dj.yes":
      return "v2";
    case "clark.marrone":
      return "v3";
    case "clark.morgaro":
      return "v4";
    case "batista1.1danilo":
      return "v5";
    case "vita0mentos":
      return "v6";
    case "mentor.green":
      return "v7";
    case "danilo20.queiroz20":
      return "v8";
    case "danilo10.queiroz10":
      return "v9";
    case "danilo1000.batista":
      return "v10";
    case "antonellidan07":
      return "v11";
    case "daniel.hurich":
      return "v12";
    case "danfantonelli08":
      return "v13";
    case "kenhikken":
      return "v14";
    case "daneshiul":
      return "v15";
    case "jacnoblezoune":
      return "v16";
    case "dbq.batista":
      return "v17";
    case "daitansope":
      return "v18";
    case "ryu.hadouken9":
      return "v19";
    case "danesh.bash":
      return "v20";
    case "draklack":
      return "v21";
    case "dracken.lein":
      return "v22";
    case "dreick.lepen":
      return "v23";
    case "naspzter":
      return "v24";
    case "aliscestooper":
      return "v25";
    case "louganmichigan":
      return "v26";
    case "morgan.freeman.strickland":
      return "v27";
    case "michel.russel.petrone":
      return "v28";
    case "robert.leonard.smith":
      return "v29";